// Jest Snapshot v1, https://goo.gl/fbAQLP

exports[`Components Layout snapshot renders 1`] = `
<div
  className="appLayout"
/>
`;
